<?xml version="1.0" encoding="utf-8"?><testsuites><testsuite name="pytest" errors="0" failures="0" skipped="2" tests="89" time="2.971" timestamp="2026-10-08T11:19:37.796064+07:00" hostname="LAPTOP-PET16DJ8"><testcase classname="tests.test_config_cli" name="test_env_config_and_relative_paths" time="0.022" /><testcase classname="tests.test_config_cli" name="test_invalid_config_rejected[threshold]" time="0.032" /><testcase classname="tests.test_config_cli" name="test_invalid_config_rejected[roi]" time="0.032" /><testcase classname="tests.test_config_cli" name="test_invalid_config_rejected[unknown_class]" time="0.031" /><testcase classname="tests.test_config_cli" name="test_invalid_config_rejected[sweeps]" time="0.035" /><testcase classname="tests.test_config_cli" name="test_cli_error_is_actionable_and_nonzero" time="0.025" /><testcase classname="tests.test_cvat" name="test_upload_metadata_readback_resume_and_human_edits" time="0.108" /><testcase classname="tests.test_cvat" name="test_response_loss_after_commit_recovers_without_duplicates" time="0.067" /><testcase classname="tests.test_cvat" name="test_uncertain_commit_does_not_risk_restoring_a_human_deletion" time="0.055" /><testcase classname="tests.test_cvat" name="test_failed_readback_retains_commit_ids" time="0.079" /><testcase classname="tests.test_cvat" name="test_dryrun_is_offline_and_explicitly_uses_placeholder_ids" time="0.035" /><testcase classname="tests.test_cvat" name="test_export_restored_ids_and_unknown_identity" time="0.065" /><testcase classname="tests.test_cvat" name="test_duplicate_copy_identity_requires_resolution" time="0.056" /><testcase classname="tests.test_cvat" name="test_raw_export_retained_when_tracks_unsupported" time="0.055" /><testcase classname="tests.test_cvat" name="test_invalid_frame_metadata[missing]" time="0.020" /><testcase classname="tests.test_cvat" name="test_invalid_frame_metadata[duplicate]" time="0.018" /><testcase classname="tests.test_cvat" name="test_invalid_frame_metadata[deleted]" time="0.019" /><testcase classname="tests.test_cvat" name="test_invalid_frame_metadata[step]" time="0.020" /><testcase classname="tests.test_cvat" name="test_target_server_change_is_rejected" time="0.057" /><testcase classname="tests.test_cvat" name="test_unknown_class_mapping_rejected" time="0.019" /><testcase classname="tests.test_cvat" name="test_client_version_token_and_no_secret_echo" time="0.001" /><testcase classname="tests.test_cvat" name="test_client_rejects_unaudited_version" time="0.001" /><testcase classname="tests.test_dataset_detector" name="test_five_dimensions_and_pcd_binary" time="0.016" /><testcase classname="tests.test_dataset_detector" name="test_invalid_lidar[values0]" time="0.006" /><testcase classname="tests.test_dataset_detector" name="test_invalid_lidar[values1]" time="0.005" /><testcase classname="tests.test_dataset_detector" name="test_invalid_lidar[values2]" time="0.006" /><testcase classname="tests.test_dataset_detector" name="test_invalid_lidar[values3]" time="0.006" /><testcase classname="tests.test_dataset_detector" name="test_invalid_lidar[values4]" time="0.006" /><testcase classname="tests.test_dataset_detector" name="test_sweep_native_loader_contract" time="0.004" /><testcase classname="tests.test_dataset_detector" name="test_thresholds_and_no_second_nms" time="0.001" /><testcase classname="tests.test_dataset_detector" name="test_incomplete_inference_is_not_uploaded" time="0.027" /><testcase classname="tests.test_dataset_detector" name="test_prepare_builds_sensor_sweep_manifest_without_using_gt" time="0.037" /><testcase classname="tests.test_dataset_detector" name="test_optional_native_multisweeps" time="0.004"><skipped type="pytest.skip" message="could not import 'mmdet3d': No module named 'mmdet3d'">C:\Users\khoik\Documents\GitHub\pre-label\tests\test_dataset_detector.py:99: could not import 'mmdet3d': No module named 'mmdet3d'</skipped></testcase><testcase classname="tests.test_evaluation_timing" name="test_matching_is_one_to_one_same_sample_class" time="0.024" /><testcase classname="tests.test_evaluation_timing" name="test_assignment_maximizes_cardinality_before_iou" time="0.001" /><testcase classname="tests.test_evaluation_timing" name="test_no_matches_does_not_report_perfect_iou" time="0.001" /><testcase classname="tests.test_evaluation_timing" name="test_edit_ratios_added_deleted_tolerances" time="0.002" /><testcase classname="tests.test_evaluation_timing" name="test_lost_identity_does_not_claim_deletions" time="0.001" /><testcase classname="tests.test_evaluation_timing" name="test_timer_excludes_breaks_and_time_savings" time="0.053" /><testcase classname="tests.test_evaluation_timing" name="test_time_experiment_frame_overlap_is_not_reported_as_savings" time="0.046" /><testcase classname="tests.test_evaluation_timing" name="test_no_annotation_time_is_explicitly_unmeasured" time="0.006" /><testcase classname="tests.test_evaluation_timing" name="test_no_two_active_timers" time="0.017" /><testcase classname="tests.test_evaluation_timing" name="test_frame_cannot_be_counted_twice_in_same_workflow" time="0.027" /><testcase classname="tests.test_evaluation_timing" name="test_backward_timer_interval_rejected" time="0.012" /><testcase classname="tests.test_geometry" name="test_cvat_roundtrip_asymmetric_box[0]" time="0.002" /><testcase classname="tests.test_geometry" name="test_cvat_roundtrip_asymmetric_box[1.5707963267948966]" time="0.002" /><testcase classname="tests.test_geometry" name="test_cvat_roundtrip_asymmetric_box[-0.72]" time="0.002" /><testcase classname="tests.test_geometry" name="test_cvat_roundtrip_asymmetric_box[3.141592653589793]" time="0.001" /><testcase classname="tests.test_geometry" name="test_cvat_roundtrip_asymmetric_box[6.283185307179586]" time="0.002" /><testcase classname="tests.test_geometry" name="test_ninety_degree_is_not_dimension_swap" time="0.001" /><testcase classname="tests.test_geometry" name="test_three_intrinsic_xyz_independent_matrix[angles0]" time="0.003" /><testcase classname="tests.test_geometry" name="test_three_intrinsic_xyz_independent_matrix[angles1]" time="0.002" /><testcase classname="tests.test_geometry" name="test_sensor_ego_global_roundtrip" time="0.004" /><testcase classname="tests.test_geometry" name="test_transform_rejects_scaling" time="0.001" /><testcase classname="tests.test_geometry" name="test_iou_analytic_cases" time="0.023" /><testcase classname="tests.test_geometry" name="test_iou_full_rotation_invariance" time="0.019" /><testcase classname="tests.test_geometry" name="test_geometry_refuses_coordinate_mismatch" time="0.003" /><testcase classname="tests.test_geometry" name="test_quaternion_sign_is_same_orientation" time="0.002" /><testcase classname="tests.test_geometry" name="test_schema_rejects_invalid_boxes[changes0]" time="0.002" /><testcase classname="tests.test_geometry" name="test_schema_rejects_invalid_boxes[changes1]" time="0.001" /><testcase classname="tests.test_geometry" name="test_schema_rejects_invalid_boxes[changes2]" time="0.001" /><testcase classname="tests.test_geometry" name="test_schema_rejects_invalid_boxes[changes3]" time="0.001" /><testcase classname="tests.test_live_cvat" name="test_live_pcd_cuboid_roundtrip" time="0.000"><skipped type="pytest.skip" message="No explicitly enabled live CVAT server">C:\Users\khoik\Documents\GitHub\pre-label\tests\test_live_cvat.py:6: No explicitly enabled live CVAT server</skipped></testcase><testcase classname="tests.test_provenance_resume" name="test_run_lock_and_release" time="0.005" /><testcase classname="tests.test_provenance_resume" name="test_manifest_mutation_rejected" time="0.031" /><testcase classname="tests.test_provenance_resume" name="test_resume_uses_single_model_load_and_only_pending_frames" time="0.146" /><testcase classname="tests.test_provenance_resume" name="test_archive_cannot_escape_destination" time="0.017" /><testcase classname="tests.test_provenance_resume" name="test_evaluation_driver_writes_csv_json_with_synthetic_gt" time="0.124" /><testcase classname="tests.test_serverless_ui" name="test_nuclio_registers_before_data_and_recovers_after_prepare" time="0.001" /><testcase classname="tests.test_serverless_ui" name="test_native_pcd_protocol_single_load_and_cached_frames" time="0.058" /><testcase classname="tests.test_serverless_ui" name="test_reject_unprepared_data[payload0]" time="0.041" /><testcase classname="tests.test_serverless_ui" name="test_reject_unprepared_data[payload1]" time="0.035" /><testcase classname="tests.test_serverless_ui" name="test_reject_unprepared_data[payload2]" time="0.030" /><testcase classname="tests.test_serverless_ui" name="test_ui_threshold_filters_cached_shapes" time="0.046" /><testcase classname="tests.test_serverless_ui" name="test_cached_provenance_is_verified" time="0.074" /><testcase classname="tests.test_serverless_ui" name="test_create_ui_task_does_not_infer_and_resume_preserves_annotations" time="0.110" /><testcase classname="tests.test_serverless_ui" name="test_ui_model_settings_change_requires_a_new_run" time="0.081" /><testcase classname="tests.test_serverless_ui" name="test_ui_new_run_does_not_reuse_task_for_same_manifest" time="0.090" /><testcase classname="tests.test_serverless_ui" name="test_ui_export_preserves_identity_after_edit_delete_and_metadata_removal" time="0.130" /><testcase classname="tests.test_serverless_ui" name="test_ui_export_rejects_uncertain_or_mismatched_journal[pending]" time="0.064" /><testcase classname="tests.test_serverless_ui" name="test_ui_export_rejects_uncertain_or_mismatched_journal[wrong_task]" time="0.064" /><testcase classname="tests.test_serverless_ui" name="test_ui_export_rejects_uncertain_or_mismatched_journal[geometry]" time="0.066" /><testcase classname="tests.test_serverless_ui" name="test_ui_export_rejects_uncertain_or_mismatched_journal[missing_frame]" time="0.079" /><testcase classname="tests.test_serverless_ui" name="test_native_journal_preserves_edits_and_deletions" time="0.012" /><testcase classname="tests.test_serverless_ui" name="test_native_journal_recovers_response_loss" time="0.011" /><testcase classname="tests.test_serverless_ui" name="test_native_journal_stops_if_pending_box_might_be_deleted" time="0.008" /><testcase classname="tests.test_serverless_ui" name="test_native_journal_records_zero_predictions" time="0.010" /><testcase classname="tests.test_serverless_ui" name="test_version_checked_patch_is_repeatable_and_leaves_2d_models" time="0.049" /><testcase classname="tests.test_serverless_ui" name="test_partial_patch_rejected_before_other_file_writes" time="0.028" /></testsuite></testsuites>